// Jest Snapshot v1, https://goo.gl/fbAQLP

exports[`<Detail /> should render the Detail as default 1`] = `
<div
  class="p-6 w-full bg-white rounded-lg border-l-4 border-teal-500 border-solid shadow-md"
>
  <div>
    Loading ...
  </div>
</div>
`;
